"D:\table\last_project\shusei-camera/data/0left.jpg"
"D:\table\last_project\shusei-camera/data/0right.jpg"
"D:\table\last_project\shusei-camera/data/1left.jpg"
"D:\table\last_project\shusei-camera/data/1right.jpg"
"D:\table\last_project\shusei-camera/data/2left.jpg"
"D:\table\last_project\shusei-camera/data/2right.jpg"
"D:\table\last_project\shusei-camera/data/3left.jpg"
"D:\table\last_project\shusei-camera/data/3right.jpg"
"D:\table\last_project\shusei-camera/data/4left.jpg"
"D:\table\last_project\shusei-camera/data/4right.jpg"
"D:\table\last_project\shusei-camera/data/5left.jpg"
"D:\table\last_project\shusei-camera/data/5right.jpg"
"D:\table\last_project\shusei-camera/data/6left.jpg"
"D:\table\last_project\shusei-camera/data/6right.jpg"
"D:\table\last_project\shusei-camera/data/7left.jpg"
"D:\table\last_project\shusei-camera/data/7right.jpg"
"D:\table\last_project\shusei-camera/data/8left.jpg"
"D:\table\last_project\shusei-camera/data/8right.jpg"
"D:\table\last_project\shusei-camera/data/9left.jpg"
"D:\table\last_project\shusei-camera/data/9right.jpg"
"D:\table\last_project\shusei-camera/data/10left.jpg"
"D:\table\last_project\shusei-camera/data/10right.jpg"
"D:\table\last_project\shusei-camera/data/11left.jpg"
"D:\table\last_project\shusei-camera/data/11right.jpg"
"D:\table\last_project\shusei-camera/data/12left.jpg"
"D:\table\last_project\shusei-camera/data/12right.jpg"
"D:\table\last_project\shusei-camera/data/13left.jpg"
"D:\table\last_project\shusei-camera/data/13right.jpg"
"D:\table\last_project\shusei-camera/data/14left.jpg"
"D:\table\last_project\shusei-camera/data/14right.jpg"
"D:\table\last_project\shusei-camera/data/15left.jpg"
"D:\table\last_project\shusei-camera/data/15right.jpg"
"D:\table\last_project\shusei-camera/data/16left.jpg"
"D:\table\last_project\shusei-camera/data/16right.jpg"
"D:\table\last_project\shusei-camera/data/17left.jpg"
"D:\table\last_project\shusei-camera/data/17right.jpg"
"D:\table\last_project\shusei-camera/data/18left.jpg"
"D:\table\last_project\shusei-camera/data/18right.jpg"
"D:\table\last_project\shusei-camera/data/19left.jpg"
"D:\table\last_project\shusei-camera/data/19right.jpg"
"D:\table\last_project\shusei-camera/data/20left.jpg"
"D:\table\last_project\shusei-camera/data/20right.jpg"
"D:\table\last_project\shusei-camera/data/21left.jpg"
"D:\table\last_project\shusei-camera/data/21right.jpg"
"D:\table\last_project\shusei-camera/data/22left.jpg"
"D:\table\last_project\shusei-camera/data/22right.jpg"
"D:\table\last_project\shusei-camera/data/23left.jpg"
"D:\table\last_project\shusei-camera/data/23right.jpg"
"D:\table\last_project\shusei-camera/data/24left.jpg"
"D:\table\last_project\shusei-camera/data/24right.jpg"
"D:\table\last_project\shusei-camera/data/25left.jpg"
"D:\table\last_project\shusei-camera/data/25right.jpg"
